map-center: 48.716248 2.357575
map-zoom: 4

Angerville; 48.311546; 2.00372
|| Étampes; 3
Houdan; 48.796024; 1.6027417
|| Montfort l'Amaury-Méré; 3
Marne-la-Vallée - Chessy; 48.8704; 2.7828343
| Gretz-Armainvilliers; 3
| Aéroport Charles de Gaulle 1 (Terminal 3); 4
| Coulommiers; 4
| Le Chénay Gagny; 3
Dourdan; 48.53359; 2.0097163
|| Brétigny-sur-Orge; 4
Mormant; 48.61367; 2.888946
|| Gretz-Armainvilliers; 4
|| Longueville; 6
La Ferté-Alais; 48.48476; 2.3517702
|| Buno - Gironville; 2
| Melun; 4
|| Corbeil-Essonnes; 3
Longueville; 48.513622; 3.2502916
Persan - Beaumont; 49.147854; 2.278226
| Aéroport Charles de Gaulle 1 (Terminal 3); 6
| Villiers-le-Bel - Gonesse - Arnouville; 4
| Ermont - Eaubonne; 4
| Pontoise; 3
Coulommiers; 48.807705; 3.0819817
| Gretz-Armainvilliers; 5
| Aéroport Charles de Gaulle 1 (Terminal 3); 6
Massy-TGV; 48.72584; 2.2613435
|| Viroflay Rive Gauche; 2
|| Villeneuve-Saint-Georges; 3
| Paris; 3
|| Brétigny-sur-Orge; 3
| Saint-Quentin-en-Yvelines; 3
Mantes-la-Jolie; 48.9894; 1.703099
| Montfort l'Amaury-Méré; 4
| Pontoise; 6
| Poissy; 6
Saint-Quentin-en-Yvelines; 48.787453; 2.0445254
|| Brétigny-sur-Orge; 5
| Viroflay Rive Gauche; 2
|| Rambouillet; 4
|| Montfort l'Amaury-Méré; 3
Gretz-Armainvilliers; 48.74628; 2.727358
| Le Chénay Gagny; 4
|| Villeneuve-Saint-Georges; 4
Montfort l'Amaury-Méré; 48.80275; 1.815426
| Poissy; 4
Bourron-Marlotte - Grez; 48.332676; 2.6924586
|| Souppes - Château-Landon; 3
| Montereau; 4
|| Melun; 4
Ermont - Eaubonne; 48.980694; 2.2714016
|| Pontoise; 3
| Viroflay Rive Gauche; 4
|| Villiers-le-Bel - Gonesse - Arnouville; 2
|| Paris; 2
| Poissy; 3
Souppes - Château-Landon; 48.18176; 2.7349627
Brétigny-sur-Orge; 48.606815; 2.3019977
|| Villeneuve-Saint-Georges; 3
|| Corbeil-Essonnes; 2
|| Étampes; 4
Aéroport Charles de Gaulle 1 (Terminal 3); 49.009796; 2.5613472
| Villiers-le-Bel - Gonesse - Arnouville; 2
| Le Chénay Gagny; 3
Pontoise; 49.046726; 2.095196
| Poissy; 3
|| Chars; 3
Viroflay Rive Gauche; 48.800655; 2.1715927
| Paris; 3
|| Poissy; 3
Corbeil-Essonnes; 48.614002; 2.4736052
|| Melun; 3
|| Villeneuve-Saint-Georges; 2
Étampes; 48.436966; 2.1594696
Rambouillet; 48.64375; 1.8321042
Buno - Gironville; 48.37074; 2.3870666
Paris; 48.87653; 2.3252375
| Le Chénay Gagny; 3
|| Villeneuve-Saint-Georges; 4
| Villiers-le-Bel - Gonesse - Arnouville; 3
Le Chénay Gagny; 48.877125; 2.5531414
|| Villeneuve-Saint-Georges; 3
| Villiers-le-Bel - Gonesse - Arnouville; 3
Melun; 48.527485; 2.6551924
| Montereau; 6
|| Villeneuve-Saint-Georges; 5
Villiers-le-Bel - Gonesse - Arnouville; 48.99398; 2.416351
Poissy; 48.9333; 2.04106
Montereau; 48.379425; 2.9426727
Chars; 49.16265; 1.936921
Villeneuve-Saint-Georges; 48.730145; 2.4462178
