map-center: 45.636868 5.5111504
map-zoom: 4

Villars-les-Dombes; 46.00423; 5.028384
| Lyon-Perrache; 3
| Saint-Germain-au-Mont-d'Or; 2
| Lyon-Saint-Exupéry TGV; 3
|| Bourg-en-Bresse; 3
Clelles-Mens; 44.827255; 5.6050215
|| Grenoble; 4
Saint-Germain-au-Mont-d'Or; 45.88838; 4.804575
|| Saint-Romain-de-Popey; 2
| Saint-Étienne Châteaucreux; 6
|| Lyon-Perrache; 2
|| Belleville-sur-Saône; 3
Feurs; 45.744064; 4.2306094
|| Saint-Étienne Châteaucreux; 4
| Roanne; 3
Roanne; 46.039295; 4.062974
| Saint-Romain-de-Popey; 4
Nurieux; 46.18422; 5.5327487
|| Bellegarde; 2
|| Bourg-en-Bresse; 2
Montmélian; 45.50308; 6.043824
|| Grenoble; 4
|| Aix-les-Bains - Le Revard; 2
|| Saint-Jean-de-Maurienne - Vallée de l'Arvan; 3
|| Albertville; 3
|| Saint-André-le-Gaz; 4
Saint-Romain-de-Popey; 45.861614; 4.5423627
Bourg-en-Bresse; 46.200092; 5.214988
| Ambérieu-en-Bugey; 3
| Culoz; 6
Saint-Hilaire - Saint-Nazaire; 45.071445; 5.2438245
|| Beaucroissant; 3
| Lyon-Saint-Exupéry TGV; 6
|| Valence-Ville; 3
| Bourgoin-Jallieu; 6
|| Grenoble; 4
| Vienne; 6
Saint-Gervais-les-Bains - Le Fayet; 45.906574; 6.701457
|| Cluses; 2
Valence-Ville; 44.927933; 4.89355
|| Livron; 2
| Vienne; 6
| Saint-Étienne Châteaucreux; 6
Pierrelatte; 44.374702; 4.704055
|| Livron; 6
Livron; 44.77971; 4.8302674
| Saint-Étienne Châteaucreux; 6
Beaucroissant; 45.34378; 5.4748783
| Grenoble; 3
|| Saint-André-le-Gaz; 2
Albertville; 45.67319; 6.383243
|| Moûtiers-Salins-Brides-les-Bains; 2
| Saint-Jean-de-Maurienne - Vallée de l'Arvan; 4
Bourg-Saint-Maurice; 45.619022; 6.7715263
|| Moûtiers-Salins-Brides-les-Bains; 2
Évian-les-Bains; 46.39791; 6.5777774
|| Annemasse; 3
Vienne; 45.51956; 4.8727746
| Lyon-Perrache; 3
|| Lyon-Saint-Exupéry TGV; 3
|| Saint-Étienne Châteaucreux; 4
Modane; 45.19333; 6.659044
|| Saint-Jean-de-Maurienne - Vallée de l'Arvan; 3
Annemasse; 46.19959; 6.2371106
| Cluses; 3
|| Annecy; 3
|| Bellegarde; 3
Lyon-Perrache; 45.74832; 4.825327
| Saint-Étienne Châteaucreux; 6
|| Lyon-Saint-Exupéry TGV; 2
Belleville-sur-Saône; 46.111946; 4.729008
Lyon-Saint-Exupéry TGV; 45.721027; 5.075805
| Ambérieu-en-Bugey; 3
|| Bourgoin-Jallieu; 2
Bourgoin-Jallieu; 45.58374; 5.2733417
|| Saint-André-le-Gaz; 2
Cluses; 46.06123; 6.5829973
|| Annecy; 4
Saint-Étienne Châteaucreux; 45.443615; 4.399607
Annecy; 45.902023; 6.1207123
|| Aix-les-Bains - Le Revard; 3
Ambérieu-en-Bugey; 45.953873; 5.341852
| Culoz; 4
Bellegarde; 46.110905; 5.8259583
| Aix-les-Bains - Le Revard; 5
| Culoz; 3
Grenoble; 45.191307; 5.714102
Aix-les-Bains - Le Revard; 45.688137; 5.9089274
|| Culoz; 2
|| Saint-André-le-Gaz; 3
Saint-Jean-de-Maurienne - Vallée de l'Arvan; 45.277927; 6.354039
Culoz; 45.842934; 5.7787933
Moûtiers-Salins-Brides-les-Bains; 45.48671; 6.531432
Saint-André-le-Gaz; 45.544563; 5.5245185
