map-center: 46.38795 2.5728571
map-zoom: 4

Boulogne; 50.715458; 1.6101542
| Lille-Flandres; 2
| Amiens; 2
| Rouen Rive-Droite; 3
Hendaye; 43.353127; -1.7818878
| Lourdes; 3
| Bordeaux-Saint-Jean; 4
Le Puy-en-Velay; 45.04273; 3.8925667
|| Aurillac; 2
|| Clermont-Ferrand; 2
| Montpellier Saint-Roch; 3
|| Avignon-Centre; 3
| Lyon-Perrache; 2
Bordeaux-Saint-Jean; 44.825657; -0.5555868
| Limoges-Bénédictins; 4
|| Niort; 4
| Le Buisson; 2
| Toulouse-Matabiau; 4
| Lourdes; 4
Tours; 47.38943; 0.6939293
|| Niort; 3
|| Gare de Paris-Saint-Lazare; 4
| Nantes; 4
| Caen; 6
|| Vierzon; 2
| Rennes; 4
Montpellier Saint-Roch; 43.604244; 3.880322
| Marseille-Saint-Charles; 3
| Toulouse-Matabiau; 4
| Avignon-Centre; 2
| Cerbère; 3
| Aurillac; 4
Toulouse-Matabiau; 43.61143; 1.45421
| Le Buisson; 3
| Lourdes; 3
| Latour-de-Carol - Enveitg; 3
| Aurillac; 4
| Cerbère; 4
Laroche - Migennes; 47.96103; 3.5130434
| Reims; 3
| Clermont-Ferrand; 5
| Dijon-Ville; 3
| Gare de Paris-Saint-Lazare; 3
Lyon-Perrache; 45.74832; 4.825327
| Avignon-Centre; 4
| Aspres-sur-Buëch; 3
| Clermont-Ferrand; 3
| Dijon-Ville; 4
| Cluses; 3
Aspres-sur-Buëch; 44.519413; 5.754558
| Avignon-Centre; 2
| Marseille-Saint-Charles; 3
| Cluses; 4
Aurillac; 44.921055; 2.4357285
|| Clermont-Ferrand; 2
|| Limoges-Bénédictins; 3
|| Le Buisson; 3
Marseille-Saint-Charles; 43.303265; 5.3811927
| Avignon-Centre; 2
|| Nice-Ville; 3
Niort; 46.31936; -0.4542751
|| Nantes; 3
| Limoges-Bénédictins; 3
Metz; 49.10899; 6.177341
| Strasbourg; 3
| Belfort; 4
| Reims; 3
| Dijon-Ville; 6
Quimper; 47.994698; -4.0922112
| Nantes; 4
| Rennes; 4
Vierzon; 47.226936; 2.0599272
|| Gare de Paris-Saint-Lazare; 4
|| Clermont-Ferrand; 4
|| Limoges-Bénédictins; 4
Rennes; 48.10319; -1.6723809
| Nantes; 2
| Caen; 3
Nice-Ville; 43.704746; 7.261598
Latour-de-Carol - Enveitg; 42.459038; 1.9044856
| Lourdes; 4
Reims; 49.258984; 4.024384
| Gare de Paris-Saint-Lazare; 3
| Amiens; 3
| Lille-Flandres; 4
| Dijon-Ville; 5
Clermont-Ferrand; 45.778584; 3.1009333
|| Dijon-Ville; 5
Cerbère; 42.44156; 3.1635146
Le Buisson; 44.847065; 0.9080844
| Limoges-Bénédictins; 2
Gare de Paris-Saint-Lazare; 48.87653; 2.3252375
| Rouen Rive-Droite; 2
| Caen; 4
|| Amiens; 2
Nantes; 47.217094; -1.541423
Lille-Flandres; 50.636353; 3.0706682
| Amiens; 2
Dijon-Ville; 47.323044; 5.0272536
| Belfort; 3
| Cluses; 4
Avignon-Centre; 43.94169; 4.8052783
Strasbourg; 48.585293; 7.733925
| Belfort; 3
Rouen Rive-Droite; 49.449245; 1.0942235
| Caen; 2
| Amiens; 2
Belfort; 47.63353; 6.8537846
| Cluses; 4
Cluses; 46.06123; 6.5829973
Lourdes; 43.100452; -0.0421731
Caen; 49.17676; -0.3474663
Amiens; 49.89056; 2.3081987
Limoges-Bénédictins; 45.836178; 1.2673942
