map-center: 50.83969 10.342565
map-zoom: 4

Ulm Hauptbahnhof; 48.399567; 9.982716
|| Stuttgart Hauptbahnhof; 2
| Oberstdorf; 3
| München Hauptbahnhof; 3
| Nürnberg Hauptbahnhof; 4
| Singen (Hohentwiel); 3
Passau Hbf; 48.57371; 13.450475
|| Regensburg Hauptbahnhof; 3
| München Hauptbahnhof; 4
| Freilassing; 2
Leipzig Hauptbahnhof; 51.34655; 12.383086
|| Hof Hauptbahnhof; 3
| Cottbus Hauptbahnhof / Chóśebuz głowne dwórnišćo; 4
| Berlin Hauptbahnhof; 4
|| Magdeburg Hauptbahnhof; 3
|| Erfurt Hbf; 3
| Dresden Hbf; 3
Erfurt Hbf; 50.972286; 11.038082
| Fulda; 3
|| Göttingen; 3
|| Hof Hauptbahnhof; 3
| Magdeburg Hauptbahnhof; 4
| Würzburg Hauptbahnhof; 4
Göttingen; 51.53678; 9.925897
| Osnabrück Hauptbahnhof; 4
|| Gießen; 4
| Magdeburg Hauptbahnhof; 3
|| Fulda; 3
|| Braunschweig Hauptbahnhof; 2
Stuttgart Hauptbahnhof; 48.78561; 9.183396
| Singen (Hohentwiel); 3
| Karlsruhe Hauptbahnhof; 2
|| Würzburg Hauptbahnhof; 3
| Nürnberg Hauptbahnhof; 4
Bremen Hauptbahnhof; 53.083298; 8.813758
| Hamburg Hauptbahnhof; 3
| Osnabrück Hauptbahnhof; 3
| Emden Hauptbahnhof; 3
| Braunschweig Hauptbahnhof; 4
Nürnberg Hauptbahnhof; 49.445198; 11.082309
| Regensburg Hauptbahnhof; 2
|| Hof Hauptbahnhof; 3
|| Würzburg Hauptbahnhof; 2
| München Hauptbahnhof; 4
Basel Badischer Bahnhof; 47.567463; 7.60731
| Karlsruhe Hauptbahnhof; 4
| Singen (Hohentwiel); 3
Pasewalk; 53.515003; 13.989298
| Rostock Hauptbahnhof; 4
| Berlin Hauptbahnhof; 3
| Wittenberge; 4
Regensburg Hauptbahnhof; 49.012207; 12.099732
| München Hauptbahnhof; 3
|| Hof Hauptbahnhof; 4
Hof Hauptbahnhof; 50.308064; 11.923314
| Würzburg Hauptbahnhof; 4
| Dresden Hbf; 4
Karlsruhe Hauptbahnhof; 48.993618; 8.402052
| Saarbrücken Hauptbahnhof; 3
| Würzburg Hauptbahnhof; 4
|| Mainz Hauptbahnhof; 3
| Singen (Hohentwiel); 4
Oberstdorf; 47.411274; 10.27825
| Singen (Hohentwiel); 3
| München Hauptbahnhof; 3
Rostock Hauptbahnhof; 54.07815; 12.1311245
| Wittenberge; 3
| Kiel Hauptbahnhof; 3
| Hamburg Hauptbahnhof; 4
Freilassing; 47.83689; 12.976717
| München Hauptbahnhof; 3
Magdeburg Hauptbahnhof; 52.130516; 11.6267185
| Braunschweig Hauptbahnhof; 2
| Berlin Hauptbahnhof; 3
| Wittenberge; 3
Gießen; 50.57987; 8.662211
|| Mainz Hauptbahnhof; 2
|| Dortmund Hbf; 3
| Fulda; 2
Emden Hauptbahnhof; 53.36908; 7.1951814
| Osnabrück Hauptbahnhof; 4
Fulda; 50.554752; 9.684382
| Mainz Hauptbahnhof; 3
|| Würzburg Hauptbahnhof; 2
Braunschweig Hauptbahnhof; 52.252144; 10.540336
| Wittenberge; 3
|| Hamburg Hauptbahnhof; 4
| Osnabrück Hauptbahnhof; 4
Hamburg Hauptbahnhof; 53.552696; 10.007565
| Wittenberge; 3
|| Kiel Hauptbahnhof; 2
Saarbrücken Hauptbahnhof; 49.241196; 6.990794
| Mainz Hauptbahnhof; 3
Wittenberge; 53.00213; 11.762847
| Berlin Hauptbahnhof; 3
Würzburg Hauptbahnhof; 49.802113; 9.936247
| Mainz Hauptbahnhof; 3
Niebüll; 54.789284; 8.834669
|| Kiel Hauptbahnhof; 3
Cottbus Hauptbahnhof / Chóśebuz głowne dwórnišćo; 51.7513; 14.322308
| Dresden Hbf; 2
| Berlin Hauptbahnhof; 3
Berlin Hauptbahnhof; 52.524944; 13.369661
München Hauptbahnhof; 48.140724; 11.556943
Kiel Hauptbahnhof; 54.313446; 10.131014
Dortmund Hbf; 51.517895; 7.459283
|| Osnabrück Hauptbahnhof; 2
| Aachen Hauptbahnhof; 3
Osnabrück Hauptbahnhof; 52.272907; 8.061566
Aachen Hauptbahnhof; 50.767765; 6.091382
| Mainz Hauptbahnhof; 4
Dresden Hbf; 51.040245; 13.732077
Mainz Hauptbahnhof; 50.001114; 8.258723
Singen (Hohentwiel); 47.759083; 8.840912
