map-center: 43.49378 12.329135
map-zoom: 4

Colico; 46.137993; 9.375244
| Domodossola; 2
| Verona Porta Nuova; 4
| Milano Centrale; 2
| Brescia; 2
Padova; 45.417744; 11.880498
| Ponte nelle Alpi-Polpet; 2
|| Verona Porta Nuova; 2
| Trieste Centrale; 4
|| Ravenna; 3
| Udine; 3
|| Trento; 2
| Tarvisio Boscoverde; 4
|| Ancona; 6
Brenner - Brennero; 47.00241; 11.505536
|| Trento; 3
Tarvisio Boscoverde; 46.506084; 13.607496
| Trieste Centrale; 2
| Udine; 1
| Ponte nelle Alpi-Polpet; 3
Milano Centrale; 45.485878; 9.204262
|| Novara; 1
|| Parma; 3
| Genova Brignole; 3
| Domodossola; 2
|| Brescia; 2
Taranto; 40.483692; 17.224215
| Lecce; 2
| Rocchetta Sant'Antonio-Lacedonia; 4
| Sibari; 3
| Barletta Centrale; 3
Barletta Centrale; 41.31535; 16.278612
| Lecce; 5
| Rocchetta Sant'Antonio-Lacedonia; 2
| Sulmona; 5
|| Ancona; 6
Trieste Centrale; 45.65788; 13.77188
| Udine; 1
Roma Termini; 41.90058; 12.502527
|| Sulmona; 3
|| Civitavecchia; 1
| Napoli Centrale; 5
| Perugia Ponte San Giovanni; 3
Brescia; 45.532333; 10.21284
| Parma; 2
|| Verona Porta Nuova; 1
Grosseto; 42.767353; 11.106747
| Genova Brignole; 5
|| Civitavecchia; 2
| Ventimiglia; 6
| Firenze Santa Maria Novella; 3
| Perugia Ponte San Giovanni; 3
Udine; 46.055927; 13.241926
Rocchetta Sant'Antonio-Lacedonia; 41.07905; 15.550576
|| Sibari; 4
| Salerno; 2
|| Sulmona; 4
| Vallo della Lucania-Castelnuovo; 2
| Napoli Centrale; 3
Perugia Ponte San Giovanni; 43.09181; 12.438212
| Ancona; 3
| Civitavecchia; 3
|| Sulmona; 4
|| Firenze Santa Maria Novella; 3
| Ravenna; 4
Genova Brignole; 44.406693; 8.946916
| Firenze Santa Maria Novella; 5
| Novara; 3
| Parma; 3
|| Torino Porta Nuova; 3
| Ventimiglia; 3
Sibari; 39.74926; 16.456537
|| Lamezia Terme Centrale; 2
| Vallo della Lucania-Castelnuovo; 3
Sulmona; 42.060986; 13.907325
|| Ancona; 4
|| Napoli Centrale; 3
Verona Porta Nuova; 45.42918; 10.98237
| Trento; 2
| Ravenna; 4
| Parma; 2
Ventimiglia; 43.792686; 7.6098824
| Torino Porta Nuova; 3
| Bardonecchia; 4
Firenze Santa Maria Novella; 43.777573; 11.247417
|| Parma; 3
| Ravenna; 3
Ravenna; 44.419167; 12.208011
| Parma; 4
|| Ancona; 3
Lamezia Terme Centrale; 38.921318; 16.255527
|| Villa San Giovanni; 2
| Vallo della Lucania-Castelnuovo; 4
Novara; 45.45115; 8.624642
| Torino Porta Nuova; 2
| Domodossola; 2
Vallo della Lucania-Castelnuovo; 40.22947; 15.158137
Ancona; 43.60758; 13.497692
Parma; 44.81028; 10.328527
Ponte nelle Alpi-Polpet; 46.182327; 12.27757
| Trento; 2
Salerno; 40.675495; 14.772621
| Napoli Centrale; 1
Domodossola; 46.11542; 8.296402
| Torino Porta Nuova; 3
| Bardonecchia; 4
Villa San Giovanni; 38.21666; 15.634553
Trento; 46.072243; 11.119319
Napoli Centrale; 40.853024; 14.27314
Civitavecchia; 42.088036; 11.79843
Lecce; 40.34568; 18.165722
Bardonecchia; 45.07646; 6.7097397
| Torino Porta Nuova; 2
Torino Porta Nuova; 45.061203; 7.6778
