map-center: 40.48434 48.244514
map-zoom: 4

Zəyəm Stansiyası; 40.903385; 45.888237
|| Qovlar Demir Yol Stansiyasi; 5
|| Dəllər Stansiyası; 3
Pirşağı Stansiyası; 40.553326; 49.88715
| Novxanı Stansiyası; 2
| Məmmədli Stansiyası; 2
Məmmədli Stansiyası; 40.513325; 49.945198
|| Sabunçu Stansiyası; 2
Novxanı Stansiyası; 40.5563; 49.777973
|| Sumqayıt; 2
Sumqayıt; 40.561146; 49.6813
|| Stansiya Aşağı Güzdək; 2
Xırdalan Stansiyası; 40.445816; 49.74803
|| Stansiya Aşağı Güzdək; 2
| Depo; 2
Qəbələ; 40.822437; 47.694492
|| Ağdaş; 6
Ağdaş; 40.64097; 47.557755
|| Əlikənd Stansiyası; 5
Stansiya Aşağı Güzdək; 40.482983; 49.67214
|| Qaradağ Stansiyası; 6
Ağstafa; 41.11534; 45.4511
|| Qovlar Demir Yol Stansiyasi; 6
Sığırlı Stansiyası; 40.261356; 48.412975
|| Ucar Stansiyası; 6
|| Muğan stansiyası; 6
Pirsaat Stansiyası; 40.049572; 49.0471
|| Hacıqabul Stansiyası; 2
|| Nəvahi stansiyası; 2
Dəllər Stansiyası; 40.868195; 46.036022
|| Şəmkir Təzəkənd Stansiyası; 4
Nəvahi stansiyası; 40.01782; 49.14282
|| Atbulaq Stansiyas;; 3
Muğan stansiyası; 40.099632; 48.818382
|| Hacıqabul Stansiyası; 3
Hacıqabul Stansiyası; 40.04523; 48.9366
Əlikənd Stansiyası; 40.514603; 47.540863
|| Ucar Stansiyası; 2
|| Ləki Stansiyası; 4
Gəncə; 40.71428; 46.36708
|| Stansiya Alabaşlı; 3
|| Zazalı Stansiyası; 4
Ucar Stansiyası; 40.50906; 47.649788
Ləki Stansiyası; 40.554127; 47.426155
|| Yevlax Stansiyası; 6
Yevlax Stansiyası; 40.620213; 47.14935
|| Mingəçevir Stansiyası; 3
Mingəçevir Stansiyası; 40.63712; 47.002754
|| Goran Stansiyası; 3
Stansiya Alabaşlı; 40.7841; 46.25429
|| Şəmkir Təzəkənd Stansiyası; 3
Goran Stansiyası; 40.652966; 46.851864
|| Zazalı Stansiyası; 6
Depo; 40.4368; 49.82837
|| Lökbatan Stansiyası; 5
| Bakı Dəmiryol Stansiyası; 2
|| Sabunçu Stansiyası; 4
Atbulaq Stansiyas;; 39.975822; 49.261982
|| Baş Ələt Stansiyası; 3
Şəmkir Təzəkənd Stansiyası; 40.835712; 46.14677
Bakı Dəmiryol Stansiyası; 40.380512; 49.849846
| Sabunçu Stansiyası; 3
Zazalı Stansiyası; 40.6975; 46.483055
Sǝngǝçal Stansiyası; 40.16588; 49.462414
|| Qobustan Stansiyası; 2
|| Qaradağ Stansiyası; 5
Qobustan Stansiyası; 40.090908; 49.41443
|| Baş Ələt Stansiyası; 3
Qaradağ Stansiyası; 40.24101; 49.595394
|| Lökbatan Stansiyası; 5
Lökbatan Stansiyası; 40.317547; 49.727573
Baş Ələt Stansiyası; 39.97655; 49.408478
Sabunçu Stansiyası; 40.446228; 49.946407
Qovlar Demir Yol Stansiyasi; 40.948536; 45.73838
