map-center: 21.900492 78.66854
map-zoom: 4

Jharsuguda Junction; 21.863207; 84.0189
| Tatanagar; 2
|| Bhilai Nagar; 3
| Brahmapur; 3
Barauni Junction; 25.46296; 85.98791
| Malda Town; 2
| Duddhinagar; 3
| Gorakhpur Junction; 3
| Tatanagar; 3
Bhusaval Junction; 21.047255; 75.78806
|| Majri Junction; 3
|| Chhatrapati Shivaji Maharaj Terminus - CSMT; 4
|| Surat; 3
| Itarsi Junction; 3
Gorakhpur Junction; 26.759666; 83.38197
| Duddhinagar; 3
| Kanpur; 3
| Tanakpur; 4
Tatanagar; 22.76828; 86.20112
| Malda Town; 3
| Duddhinagar; 3
| Howrah Junction; 2
| Brahmapur; 4
Guntakal Junction; 15.173713; 77.369865
| Puratchi Thalaivar Dr. M. G. Ramachandran; 4
| Suravali; 3
| Vijayawada Junction; 3
|| Mysore Junction; 3
|| Secunderabad Junction; 3
| Kurduvadi Junction; 4
New Delhi; 28.641926; 77.22175
| Ajmer Junction; 3
| Gajsinghpur; 4
| Churu Junction; 2
| Tanakpur; 3
| Bajalta; 4
|| Agra Fort; 2
Mysore Junction; 12.31574; 76.64512
| Puratchi Thalaivar Dr. M. G. Ramachandran; 4
| Suravali; 4
| Manaparai; 3
| Kollam Junction; 4
Gajsinghpur; 29.65799; 73.43751
| Bajalta; 3
| Ajmer Junction; 3
| Churu Junction; 2
Virangana Lakshmibai Jhansi Junction Railway Station; 25.44395; 78.553444
|| Itarsi Junction; 3
|| Agra Fort; 2
| Kanpur; 2
Bajalta; 32.762054; 74.952126
Bhilai Nagar; 21.201183; 81.33523
|| Majri Junction; 3
|| Katni Junction; 3
| Itarsi Junction; 4
| Vijayawada Junction; 4
| Duddhinagar; 4
Kollam Junction; 8.886219; 76.59548
| Manaparai; 3
Howrah Junction; 22.58287; 88.34281
| Brahmapur; 4
| Malda Town; 3
Katni Junction; 23.834763; 80.400696
| Duddhinagar; 3
| Kanpur; 3
| Itarsi Junction; 3
Kurduvadi Junction; 18.091848; 75.41704
| Chhatrapati Shivaji Maharaj Terminus - CSMT; 3
| Majri Junction; 4
| Secunderabad Junction; 3
| Suravali; 3
Surat; 21.205029; 72.840744
| Mahesana Junction; 3
| Gandhidham Junction; 3
| Nagda Junction; 3
| Itarsi Junction; 4
Agra Fort; 27.183002; 78.018715
|| Kanpur; 2
|| Ajmer Junction; 3
| Nagda Junction; 4
| Tanakpur; 3
Tanakpur; 29.067379; 80.10946
| Kanpur; 3
Brahmapur; 19.296753; 84.7974
| Vijayawada Junction; 4
Manaparai; 10.607339; 78.41811
|| Puratchi Thalaivar Dr. M. G. Ramachandran; 3
Malda Town; 25.015965; 88.13058
Duddhinagar; 24.208616; 83.21661
|| Kanpur; 4
Puratchi Thalaivar Dr. M. G. Ramachandran; 13.082423; 80.27596
|| Vijayawada Junction; 4
Gandhidham Junction; 23.06839; 70.14771
| Mahesana Junction; 2
Chhatrapati Shivaji Maharaj Terminus - CSMT; 18.939863; 72.83541
| Suravali; 4
Secunderabad Junction; 17.433859; 78.50205
|| Majri Junction; 3
| Vijayawada Junction; 2
Vijayawada Junction; 16.51797; 80.619576
|| Majri Junction; 4
Itarsi Junction; 22.608562; 77.76707
|| Majri Junction; 3
Churu Junction; 28.288864; 74.9664
| Ajmer Junction; 2
Mahesana Junction; 23.602833; 72.38896
|| Ajmer Junction; 4
| Nagda Junction; 3
Majri Junction; 20.139336; 79.04296
Kanpur; 26.453861; 80.35124
Ajmer Junction; 26.456335; 74.637344
| Nagda Junction; 3
Nagda Junction; 23.456402; 75.4126
Suravali; 15.291323; 73.93965
