map-center: 54.244312 68.23938
map-zoom: 4

Владивосток; 43.111275; 131.88148
|| Хабаровск I; 3
Орск; 51.213654; 58.619392
|| Омск-Пассажирский; 5
| Екатеринбург-Пассажирский; 3
|| Юго-Восток-3; 4
|| Самара; 3
| Агрыз; 3
Екатеринбург-Пассажирский; 56.85957; 60.60489
| Межо́г; 4
|| Агрыз; 2
| Ноябрьск 2; 5
|| Омск-Пассажирский; 4
Билютуй; 49.834045; 117.09422
| Нерюнгри-Пассажирская; 4
| Шимановская; 4
| Хабаровск I; 5
| Слюдянка I; 4
Юго-Восток-3; 46.334633; 48.072693
| Адлер; 3
| Самара; 4
| Дербент; 2
| Волгоград-1; 2
Белгород; 50.59303; 36.60598
| Ростов-Главный; 2
| Симферополь-Пассажирский; 3
| Смоленск-Центральный; 3
| Балашов-Пассажирский; 2
| Москва-Пассажирская-Казанская; 3
Исакогорка; 64.42927; 40.60823
| Мурманск; 3
| Межо́г; 2
| Вологда-1; 3
| Выборг; 3
Москва-Пассажирская-Казанская; 55.774265; 37.659863
| Смоленск-Центральный; 2
| Балашов-Пассажирский; 3
| Бологое-Московское; 1
|| Нижний Новгород-Московский; 2
| Вологда-1; 2
Правая Лена; 61.72951; 129.78378
|| Нерюнгри-Пассажирская; 3
Ноябрьск 2; 63.197308; 75.4726
| Омск-Пассажирский; 4
|| Межо́г; 5
|| Тайшет; 6
Волгоград-1; 48.71289; 44.513264
|| Ростов-Главный; 2
|| Самара; 3
| Балашов-Пассажирский; 2
| Адлер; 3
Тайшет; 55.93911; 98.000465
|| Небель; 3
|| Слюдянка I; 3
| Ачинск I; 2
|| Новосибирск-Главный; 4
Смоленск-Центральный; 54.797943; 32.03447
| Бологое-Московское; 2
| Симферополь-Пассажирский; 5
| Выборг; 3
Бологое-Московское; 57.88601; 34.06093
| Выборг; 2
| Вологда-1; 2
Нижний Новгород-Московский; 56.322166; 43.945694
| Вологда-1; 2
| Самара; 2
| Балашов-Пассажирский; 2
|| Агрыз; 3
| Котельнич-1; 2
Котельнич-1; 58.311928; 48.343563
| Межо́г; 2
| Вологда-1; 2
|| Агрыз; 2
Симферополь-Пассажирский; 44.96119; 34.080185
| Адлер; 2
| Ростов-Главный; 2
Таксимо; 56.359707; 114.83576
|| Нерюнгри-Пассажирская; 3
| Слюдянка I; 4
|| Небель; 2
Небель; 56.375675; 107.0725
Слюдянка I; 51.658463; 103.72377
| Нерюнгри-Пассажирская; 5
Вологда-1; 59.206573; 39.883972
| Выборг; 3
| Межо́г; 3
Новосибирск-Главный; 55.035213; 82.89503
|| Омск-Пассажирский; 3
| Ачинск I; 2
Хабаровск I; 48.49699; 135.07306
|| Нерюнгри-Пассажирская; 5
| Шимановская; 3
Балашов-Пассажирский; 51.545425; 43.128204
| Ростов-Главный; 2
|| Самара; 2
Дербент; 42.05635; 48.307022
| Адлер; 3
Шимановская; 52.003475; 127.683556
| Нерюнгри-Пассажирская; 3
Мурманск; 68.972015; 33.06896
| Межо́г; 5
| Выборг; 4
Выборг; 60.715763; 28.751892
Нерюнгри-Пассажирская; 56.650032; 124.7577
Адлер; 43.447536; 39.904324
| Ростов-Главный; 2
Межо́г; 62.090755; 49.42173
| Агрыз; 3
Ростов-Главный; 47.21834; 39.690384
Ачинск I; 56.30422; 90.517815
Самара; 53.185684; 50.1213
| Агрыз; 2
Агрыз; 56.52561; 53.0123
Омск-Пассажирский; 54.939564; 73.3866
