map-center: 42.9561 12.02931
map-zoom: 4

San Giovanni Valdarno; 43.566032; 11.527051
| Certaldo; 3
| Marradi - Palazzuolo sul Senio; 4
|| Arezzo; 2
|| Firenze Santa Maria Novella; 2
Campiglia Marittima; 43.017284; 10.586568
| Castiglioncello; 3
| Grosseto; 4
| Monte Antico; 5
Porto d'Ascoli; 42.91272; 13.896805
|| Civitanova Marche-Montegranaro; 3
Perugia Ponte San Giovanni; 43.09181; 12.438212
|| Chiusi-Chianciano Terme; 3
|| Campello sul Clitunno; 3
|| Arezzo; 4
| Bellisio Solfare; 4
| Pesaro; 6
|| Castelraimondo-Camerino; 4
Formia-Gaeta; 41.258873; 13.606165
|| Campoleone; 6
Anagni; 41.710358; 13.096031
|| Zagarolo; 2
|| Sora; 3
| Rieti; 6
Zagarolo; 41.821804; 12.826941
|| Roma Termini; 2
| Rieti; 5
Campoleone; 41.6424; 12.648282
|| Roma Termini; 2
| Ladispoli - Cerveteri; 4
Orbetello-Monte Argentario; 42.45062; 11.248793
|| Grosseto; 3
|| Montalto di Castro; 2
Castelraimondo-Camerino; 43.21055; 13.057275
|| Campello sul Clitunno; 4
| Bellisio Solfare; 3
| Ancona; 4
|| Civitanova Marche-Montegranaro; 4
Rieti; 42.405952; 12.862632
|| Campello sul Clitunno; 3
| Roma Termini; 5
| Alviano; 4
Molino del Pallone; 44.100147; 10.961265
| Marradi - Palazzuolo sul Senio; 4
| Firenze Santa Maria Novella; 3
| Lucca; 3
Camporgiano; 44.16139; 10.334957
|| Lucca; 3
|| Scorcetoli; 3
Civitanova Marche-Montegranaro; 43.309116; 13.725592
| Ancona; 3
Marradi - Palazzuolo sul Senio; 44.07974; 11.61903
| Firenze Santa Maria Novella; 3
Sora; 41.716232; 13.61807
Campello sul Clitunno; 42.82281; 12.761298
| Allerona-Castel Viscardo; 4
| Alviano; 3
Civitavecchia; 42.088036; 11.79843
|| Montalto di Castro; 2
|| Ladispoli - Cerveteri; 2
Montalto di Castro; 42.334717; 11.595272
Ladispoli - Cerveteri; 41.95317; 12.08178
|| Roma Termini; 3
| Alviano; 5
| Allerona-Castel Viscardo; 6
Lucca; 43.837284; 10.506183
| Castiglioncello; 3
| Firenze Santa Maria Novella; 4
|| Certaldo; 4
Firenze Santa Maria Novella; 43.777573; 11.247417
| Certaldo; 2
Pesaro; 43.906082; 12.904972
| Ancona; 4
Ancona; 43.60758; 13.497692
| Bellisio Solfare; 4
Castiglioncello; 43.404636; 10.414374
| Certaldo; 4
Bellisio Solfare; 43.520405; 12.823979
Certaldo; 43.54719; 11.037822
|| Siena; 2
Siena; 43.331665; 11.322903
|| Chiusi-Chianciano Terme; 5
|| Monte Antico; 3
Scorcetoli; 44.344296; 9.911848
Roma Termini; 41.90058; 12.502527
|| Alviano; 6
Grosseto; 42.767353; 11.106747
|| Monte Antico; 2
Monte Antico; 42.981064; 11.359839
Alviano; 42.591923; 12.259641
|| Allerona-Castel Viscardo; 2
Allerona-Castel Viscardo; 42.784813; 12.035762
|| Chiusi-Chianciano Terme; 2
Chiusi-Chianciano Terme; 43.0025; 11.957601
|| Arezzo; 4
Arezzo; 43.460938; 11.875423
