map-center: 52.382267 13.46473
map-zoom: 4

Wittenberge; 53.00213; 11.762847
| Nauen; 6
| Neustadt (Dosse); 5
| Brück (Mark); 6
| Meyenburg; 4
Bernau (bei Berlin); 52.675385; 13.591942
|| Berlin; 2
|| Berlin-Mahlsdorf; 2
|| Eberswalde; 2
|| Oranienburg; 2
Falkenberg (Elster); 51.58359; 13.24726
| Elsterwerda; 2
| Doberlug-Kirchhain; 2
Nauen; 52.612732; 12.885586
| Oranienburg; 3
|| Neustadt (Dosse); 4
| Rathenow; 3
|| Golm; 2
|| Berlin; 3
Eberswalde; 52.834003; 13.797783
|| Angermünde; 2
| Letschin; 4
Angermünde; 53.015835; 13.995991
|| Tantow; 4
|| Prenzlau; 3
Brück (Mark); 52.18685; 12.75856
| Golm; 3
| Trebbin; 3
| Jüterbog; 3
|| Wiesenburg (Mark); 2
Neustadt (Dosse); 52.85333; 12.450013
| Rheinsberg (Mark); 4
| Oranienburg; 5
| Meyenburg; 5
Golm; 52.409794; 12.971877
| Rathenow; 4
|| Berlin; 3
|| Trebbin; 3
| Brandenburg; 3
Trebbin; 52.217052; 13.229908
| Berlin; 3
|| Walddrehna; 5
| Jüterbog; 3
| Flughafen BER; 2
Doberlug-Kirchhain; 51.62061; 13.564226
| Elsterwerda; 2
| Calau (Niederlausitz) - Kalawa (Dolna Łužyca); 3
|| Walddrehna; 2
| Ruhland; 3
Calau (Niederlausitz) - Kalawa (Dolna Łužyca); 51.73808; 13.979676
| Cottbus / Chóśebuz głowne dwórnišćo; 2
| Oderin; 4
| Ruhland; 3
| Walddrehna; 2
Meyenburg; 53.311165; 12.247386
| Rheinsberg (Mark); 5
Cottbus / Chóśebuz głowne dwórnišćo; 51.7513; 14.322308
| Guben; 3
|| Oderin; 5
| Ruhland; 4
|| Forst (Lausitz) / Baršć (Łužyca); 2
Letschin; 52.632755; 14.347551
| Frankfurt (Oder); 3
| Berlin-Mahlsdorf; 5
Elsterwerda; 51.46001; 13.516572
| Ruhland; 2
Rheinsberg (Mark); 53.09278; 12.900206
|| Oranienburg; 4
| Vogelsang (Kr Oberhavel); 3
Brandenburg; 52.400482; 12.56575
| Rathenow; 3
Oranienburg; 52.753906; 13.249321
| Vogelsang (Kr Oberhavel); 3
|| Berlin; 3
Guben; 51.959084; 14.706748
|| Frankfurt (Oder); 4
Berlin; 52.524944; 13.369661
|| Berlin-Mahlsdorf; 2
|| Flughafen BER; 2
Berlin-Mahlsdorf; 52.511894; 13.610797
| Frankfurt (Oder); 6
|| Flughafen BER; 2
| Fürstenwalde (Spree); 3
Beeskow; 52.177677; 14.250912
| Flughafen BER; 5
| Frankfurt (Oder); 3
| Oderin; 4
Tantow; 53.270817; 14.349868
Forst (Lausitz) / Baršć (Łužyca); 51.738934; 14.637064
Frankfurt (Oder); 52.336536; 14.546695
| Fürstenwalde (Spree); 3
Fürstenwalde (Spree); 52.36719; 14.058422
| Flughafen BER; 4
Vogelsang (Kr Oberhavel); 53.03765; 13.385663
Ruhland; 51.45526; 13.870107
Prenzlau; 53.322273; 13.866698
Rathenow; 52.599735; 12.354999
Oderin; 52.074768; 13.726972
| Walddrehna; 3
|| Flughafen BER; 3
Wiesenburg (Mark); 52.098804; 12.431367
Walddrehna; 51.772793; 13.617192
|| Flughafen BER; 5
Jüterbog; 51.99742; 13.054047
Flughafen BER; 52.36399; 13.508331
