map-center: 50.542923 8.960236
map-zoom: 4

Kassel-Wilhelmshöhe; 51.31139; 9.447705
| Hofgeismar-Hümme; 3
|| Wabern (Bz Kassel); 3
| Bad Arolsen; 4
| Bebra; 6
Jossa; 50.2328; 9.6038265
|| Flieden; 3
Fulda; 50.554752; 9.684382
| Wabern (Bz Kassel); 6
| Haunetal-Neukirchen; 3
| Grünberg (Oberhessen); 6
|| Bebra; 6
|| Flieden; 2
Grünberg (Oberhessen); 50.596756; 8.960148
|| Gießen; 3
Biedenkopf; 50.908745; 8.530574
|| Cölbe; 2
Biblis; 49.688934; 8.45047
| Raunheim; 4
| Assmannshausen; 6
| Darmstadt; 3
| Groß-Umstadt Wiebelsbach; 5
Assmannshausen; 49.985336; 7.867459
| Wiesbaden; 4
| Raunheim; 5
Bad Soden-Salmünster; 50.28074; 9.3720665
|| Flieden; 3
|| Gelnhausen; 2
Hofgeismar-Hümme; 51.543137; 9.402086
| Bad Arolsen; 4
Bad Arolsen; 51.381485; 8.997438
| Willingen; 4
|| Frankenberg (Eder) Viermünden; 4
Darmstadt; 49.872852; 8.629412
| Frankfurt (Main); 3
| Raunheim; 2
| Rödermark-Ober Roden; 2
| Groß-Umstadt Wiebelsbach; 3
Stockhausen/Lahn; 50.540604; 8.32514
|| Gießen; 3
| Wiesbaden; 6
| Dillenburg; 3
| Friedberg (Hess); 5
| Limburg (Lahn); 3
Frankfurt (Main); 50.106655; 8.6625805
| Raunheim; 2
|| Hanau; 2
| Rödermark-Ober Roden; 2
| Wiesbaden; 4
|| Friedberg (Hess); 3
| Grävenwiesbach; 4
Oberzent-Schöllenbach; 49.565865; 9.067769
|| Groß-Umstadt Wiebelsbach; 4
Friedberg (Hess); 50.33269; 8.761258
| Grävenwiesbach; 3
| Nidda; 2
|| Gießen; 4
|| Hanau; 3
Willingen; 51.293335; 8.603542
| Frankenberg (Eder) Viermünden; 3
Raunheim; 50.009903; 8.455067
| Wiesbaden; 2
Hanau; 50.121075; 8.9292145
| Nidda; 4
|| Rödermark-Ober Roden; 2
|| Gelnhausen; 3
|| Groß-Umstadt Wiebelsbach; 4
Gießen; 50.57987; 8.662211
|| Cölbe; 4
| Nidda; 4
| Dillenburg; 4
Wiesbaden; 50.06983; 8.243985
| Grävenwiesbach; 5
| Limburg (Lahn); 5
Rödermark-Ober Roden; 49.973347; 8.8289585
| Groß-Umstadt Wiebelsbach; 2
Treysa; 50.910637; 9.185867
|| Wabern (Bz Kassel); 3
|| Cölbe; 4
Gelnhausen; 50.196354; 9.18914
|| Nidda; 3
Wabern (Bz Kassel); 51.10291; 9.358089
| Bebra; 4
Frankenberg (Eder) Viermünden; 51.100613; 8.832926
|| Cölbe; 4
Cölbe; 50.848423; 8.787682
Grävenwiesbach; 50.382507; 8.457907
Flieden; 50.421276; 9.576735
Dillenburg; 50.734924; 8.294596
Groß-Umstadt Wiebelsbach; 49.833115; 8.940874
Limburg (Lahn); 50.384476; 8.062144
Nidda; 50.411182; 8.998999
Eichenberg; 51.37478; 9.921451
|| Wehretal-Reichensachsen; 3
Wehretal-Reichensachsen; 51.154186; 9.986017
|| Bebra; 3
Bebra; 50.968998; 9.798216
| Haunetal-Neukirchen; 3
Haunetal-Neukirchen; 50.77081; 9.692545
