map-center: 52.670948 9.217424
map-zoom: 4

Hildesheim Hauptbahnhof; 52.16072; 9.954204
|| Kreiensen; 3
| Hameln; 3
|| Salzgitter-Ringelheim; 2
|| Braunschweig Hauptbahnhof; 3
| Celle; 4
|| Hannover Hauptbahnhof; 2
Barnstorf; 52.7074; 8.510194
|| Osnabrück Hauptbahnhof; 5
|| Verden (Aller); 6
| Bremen Hauptbahnhof; 4
Stadthagen; 52.33283; 9.1893215
| Hannover Hauptbahnhof; 3
| Wunstorf; 2
Herzberg (Harz); 51.643936; 10.330111
| Bad Harzburg; 3
| Göttingen; 3
| Kreiensen; 3
Cuxhaven; 53.860184; 8.7049885
| Bremerhaven Hauptbahnhof; 3
| Bremervörde; 4
| Buxtehude; 6
Verden (Aller); 52.920795; 9.237876
|| Bremen Hauptbahnhof; 3
|| Nienburg (Weser); 3
| Rotenburg (Wümme); 2
Wunstorf; 52.422157; 9.451407
|| Hannover Hauptbahnhof; 2
|| Schneverdingen; 6
|| Nienburg (Weser); 2
|| Celle; 4
|| Rotenburg (Wümme); 6
Bremerhaven Hauptbahnhof; 53.535015; 8.599375
| Bremen Hauptbahnhof; 4
| Bremervörde; 3
| Oldenburg (Oldb) Hbf; 4
Wilhelmshaven; 53.518784; 8.115335
|| Oldenburg (Oldb) Hbf; 4
Celle; 52.62087; 10.062606
| Schneverdingen; 6
| Uelzen; 4
| Braunschweig Hauptbahnhof; 4
| Wolfsburg Hauptbahnhof; 6
| Hannover Hauptbahnhof; 3
Salzgitter-Ringelheim; 52.038074; 10.314507
| Kreiensen; 3
| Bad Harzburg; 2
| Braunschweig Hauptbahnhof; 2
Hameln; 52.10189; 9.376246
| Kreiensen; 4
| Hannover Hauptbahnhof; 3
Nienburg (Weser); 52.645374; 9.217827
Bad Bentheim; 52.309734; 7.158289
|| Meppen; 4
Bad Harzburg; 51.888557; 10.553974
| Braunschweig Hauptbahnhof; 3
| Kreiensen; 3
Uelzen; 52.969597; 10.552975
| Lüneburg; 3
| Schneverdingen; 4
| Wolfsburg Hauptbahnhof; 5
Buxtehude; 53.470486; 9.688307
| Bremervörde; 3
Göttingen; 51.53678; 9.925897
| Kreiensen; 3
Hannover Hauptbahnhof; 52.37695; 9.741653
Osnabrück Hauptbahnhof; 52.272907; 8.061566
Kreiensen; 51.851364; 9.96751
|| Holzminden; 3
Essen (Oldenburg); 52.72343; 7.945406
|| Meppen; 4
| Oldenburg (Oldb) Hbf; 4
|| Bremen Hauptbahnhof; 6
Bremen Hauptbahnhof; 53.083298; 8.813758
| Rotenburg (Wümme); 3
|| Oldenburg (Oldb) Hbf; 3
| Bremervörde; 4
Rotenburg (Wümme); 53.11247; 9.39085
|| Bremervörde; 4
Emden Hauptbahnhof; 53.36908; 7.1951814
| Aschendorf; 3
| Augustfehn; 3
Augustfehn; 53.220905; 7.7592463
|| Oldenburg (Oldb) Hbf; 3
| Aschendorf; 3
Schneverdingen; 53.11124; 9.798749
| Lüneburg; 4
Helmstedt; 52.222034; 11.010539
| Wolfsburg Hauptbahnhof; 2
| Braunschweig Hauptbahnhof; 3
Braunschweig Hauptbahnhof; 52.252144; 10.540336
| Wolfsburg Hauptbahnhof; 2
Bremervörde; 53.4833; 9.140101
Wolfsburg Hauptbahnhof; 52.429485; 10.78714
Lüneburg; 53.24977; 10.419772
Meppen; 52.69598; 7.2980647
| Aschendorf; 3
Aschendorf; 53.052338; 7.33715
Oldenburg (Oldb) Hbf; 53.14419; 8.223113
Holzminden; 51.820015; 9.453716
