map-center: 51.503273 7.5957565
map-zoom: 4

Warburg (Westf); 51.492893; 9.164047
| Brilon Wald; 4
| Altenbeken; 3
Mönchengladbach Hbf; 51.19672; 6.4462733
| Lindern; 3
| Düsseldorf Hauptbahnhof; 2
| Wesel; 5
| Duisburg Hauptbahnhof; 3
Dortmund Hbf; 51.517895; 7.459283
| Coesfeld (Westf); 5
|| Hagen Hbf; 2
|| Münster (Westf) Hauptbahnhof; 5
|| Hamm (Westf) Hbf; 3
|| Wanne-Eickel Hbf; 2
|| Fröndenberg; 2
Euskirchen; 50.657787; 6.7921977
| Düren; 3
| Köln Hauptbahnhof; 3
| Blankenberg (Sieg); 4
Gronau (Westf); 52.21536; 7.019963
| Coesfeld (Westf); 3
| Münster (Westf) Hauptbahnhof; 5
Hamm (Westf) Hbf; 51.678574; 7.807713
| Münster (Westf) Hauptbahnhof; 3
|| Rheda-Wiedenbrück; 4
| Fröndenberg; 2
| Geseke; 4
Geseke; 51.64522; 8.510302
|| Fröndenberg; 5
|| Altenbeken; 3
| Bielefeld-Brackwede; 4
Aachen Hauptbahnhof; 50.767765; 6.091382
| Lindern; 2
| Düren; 3
Münster (Westf) Hauptbahnhof; 51.956406; 7.635792
|| Rheine; 3
|| Lengerich (Westf); 3
|| Rheda-Wiedenbrück; 4
|| Coesfeld (Westf); 3
Herford; 52.11964; 8.6637745
|| Minden (Westf); 2
| Altenbeken; 4
|| Bielefeld-Brackwede; 2
Brilon Wald; 51.349457; 8.57631
|| Fröndenberg; 5
Höxter-Ottbergen; 51.710957; 9.30539
|| Altenbeken; 2
Wesel; 51.656162; 6.627172
|| Emmerich; 3
|| Coesfeld (Westf); 4
| Essen Hauptbahnhof; 3
| Duisburg Hauptbahnhof; 2
| Wanne-Eickel Hbf; 4
Emmerich; 51.83426; 6.2556205
Hagen Hbf; 51.362957; 7.4604006
|| Wuppertal-Vohwinkel; 3
|| Fröndenberg; 2
| Wanne-Eickel Hbf; 3
| Finnentrop; 4
| Essen Hauptbahnhof; 3
Köln Hauptbahnhof; 50.942783; 6.9590707
|| Wuppertal-Vohwinkel; 3
| Düsseldorf Hauptbahnhof; 3
| Düren; 3
| Blankenberg (Sieg); 3
Lengerich (Westf); 52.175667; 7.8785477
Rheda-Wiedenbrück; 51.85722; 8.286519
|| Bielefeld-Brackwede; 2
Düren; 50.810062; 6.483196
| Lindern; 3
| Düsseldorf Hauptbahnhof; 5
Fröndenberg; 51.471344; 7.761756
|| Finnentrop; 3
Bielefeld-Brackwede; 51.997265; 8.498484
| Altenbeken; 4
Düsseldorf Hauptbahnhof; 51.219734; 6.7943015
|| Lindern; 4
|| Essen Hauptbahnhof; 3
|| Wuppertal-Vohwinkel; 2
| Duisburg Hauptbahnhof; 2
Lindern; 50.99694; 6.2078443
Siegen Hauptbahnhof; 50.87596; 8.016461
|| Finnentrop; 3
Rheine; 52.27617; 7.434019
Wuppertal-Vohwinkel; 51.233948; 7.071831
| Essen Hauptbahnhof; 2
| Finnentrop; 6
|| Blankenberg (Sieg); 5
Minden (Westf); 52.29056; 8.93446
Wanne-Eickel Hbf; 51.53124; 7.1661167
| Coesfeld (Westf); 4
|| Essen Hauptbahnhof; 1
Duisburg Hauptbahnhof; 51.42967; 6.776177
| Essen Hauptbahnhof; 2
Au (Sieg); 50.773766; 7.6566396
|| Blankenberg (Sieg); 2
Blankenberg (Sieg); 50.76857; 7.3476973
Coesfeld (Westf); 51.939556; 7.1637764
Altenbeken; 51.766457; 8.943023
|| Bad Pyrmont; 3
Essen Hauptbahnhof; 51.451477; 7.0144677
Finnentrop; 51.173195; 7.964584
Bad Pyrmont; 51.9742; 9.27264
