map-center: 50.412716 18.00162
map-zoom: 4

Симферополь-Пассажирский; 44.96119; 34.080185
| Адлер; 2
| Лиски; 4
Мінск-Пасажырскі; 53.89057; 27.549088
|| Warszawa Wschodnia; 2
|| Брянск-Орловский; 2
|| Berlin Hauptbahnhof; 5
|| Москва-Пассажирская-Казанская; 3
Lyon-Perrache; 45.74832; 4.825327
| Venezia Santa Lucia; 3
| Gare de Paris-Saint-Lazare; 2
| Napoli Centrale; 5
|| Karlsruhe Hauptbahnhof; 2
|| Zaragoza-Delicias; 3
| Nantes; 3
Лиски; 50.979504; 39.50906
|| Київ-Пасажирський; 3
| Нижний Новгород-Московский; 3
|| Москва-Пассажирская-Казанская; 3
|| Брянск-Орловский; 2
| Адлер; 4
| Волгоград-1; 2
Москва-Пассажирская-Казанская; 55.774265; 37.659863
| Брянск-Орловский; 2
|| Исакогорка; 5
| Нижний Новгород-Московский; 2
| Stockholm Central; 6
Helsinki; 60.17178; 24.941355
| Исакогорка; 5
| Narvik; 5
| Мурманск; 5
Kayaş; 39.913513; 32.965683
| Επιβατικός Σταθμός Θεσσαλονίκης; 4
| Київ-Пасажирський; 6
| București Nord; 4
Stockholm Central; 59.329876; 18.0575
|| Berlin Hauptbahnhof; 4
| Oslo S; 2
| Narvik; 5
Zaragoza-Delicias; 41.658573; -0.9113881
| Málaga María Zambrano; 3
| Napoli Centrale; 6
| Madrid-Chamartín-Clara Campoamor; 1
| Aveiro; 3
| Nantes; 3
Gare de Paris-Saint-Lazare; 48.87653; 2.3252375
|| Bruxelles-Midi - Brussel-Zuid; 1
| Karlsruhe Hauptbahnhof; 2
|| Nantes; 2
| London Waterloo; 2
Málaga María Zambrano; 36.71162; -4.4323606
| Madrid-Chamartín-Clara Campoamor; 2
| Aveiro; 3
Київ-Пасажирський; 50.439857; 30.488655
| București Nord; 4
|| Warszawa Wschodnia; 3
Oslo S; 59.911026; 10.753138
| Narvik; 5
| Leeds; 5
| Berlin Hauptbahnhof; 4
Брянск-Орловский; 53.262905; 34.4062
| Warszawa Wschodnia; 4
Nantes; 47.217094; -1.541423
| London Waterloo; 2
| Aveiro; 5
| Leeds; 4
Адлер; 43.447536; 39.904324
| Волгоград-1; 3
Επιβατικός Σταθμός Θεσσαλονίκης; 40.64511; 22.929186
| Budapest-Nyugati; 4
Karlsruhe Hauptbahnhof; 48.993618; 8.402052
| Venezia Santa Lucia; 2
| Bruxelles-Midi - Brussel-Zuid; 2
|| Berlin Hauptbahnhof; 3
|| Linz Hauptbahnhof; 2
Мурманск; 68.972015; 33.06896
| Исакогорка; 3
Warszawa Wschodnia; 52.25159; 21.052368
| Linz Hauptbahnhof; 3
| Budapest-Nyugati; 3
| București Nord; 5
|| Berlin Hauptbahnhof; 3
Нижний Новгород-Московский; 56.322166; 43.945694
| Исакогорка; 6
| Волгоград-1; 4
Napoli Centrale; 40.853024; 14.27314
| Budapest-Nyugati; 4
| Venezia Santa Lucia; 3
Inverness; 57.48009; -4.2229176
|| Leeds; 2
London Waterloo; 51.50284; -0.112801
| Leeds; 1
| Bruxelles-Midi - Brussel-Zuid; 2
Linz Hauptbahnhof; 48.29024; 14.291862
|| Budapest-Nyugati; 2
| Venezia Santa Lucia; 2
| Berlin Hauptbahnhof; 2
Budapest-Nyugati; 47.51072; 19.05748
| București Nord; 3
| Venezia Santa Lucia; 3
Narvik; 68.44168; 17.441456
București Nord; 44.446373; 26.074247
Волгоград-1; 48.71289; 44.513264
Venezia Santa Lucia; 45.441074; 12.321033
Bruxelles-Midi - Brussel-Zuid; 50.835674; 4.3362417
| Leeds; 3
|| Berlin Hauptbahnhof; 3
Berlin Hauptbahnhof; 52.524944; 13.369661
| Leeds; 5
Aveiro; 40.643387; -8.640455
| Madrid-Chamartín-Clara Campoamor; 2
Madrid-Chamartín-Clara Campoamor; 40.472458; -3.6822314
Исакогорка; 64.42927; 40.60823
Leeds; 53.794415; -1.548621
