map-center: 25.816347 80.10344
map-zoom: 4

Etawah Junction; 26.78693; 79.020935
|| Virangana Lakshmibai Jhansi Junction Railway Station; 3
| Morena; 2
|| Shikohabad; 1
|| Rasulabad; 6
|| Kanpur; 3
|| Khutaha; 6
Deen Dayal Upadhyaya Junction; 25.280392; 83.12074
| Bhatni Junction; 3
| Bakulha; 3
| Shahganj Junction; 2
|| Prayagraj Junction; 3
| Shankarpur Bhadaura; 4
| Duddhinagar; 3
| Khutaha; 5
Sultanpur Junction; 26.265156; 82.06705
|| Lucknow Charbagh; 3
|| Shahganj Junction; 1
| Prayagraj Junction; 2
| Gonda Junction; 2
Gorakhpur Junction; 26.759666; 83.38197
| Gonda Junction; 3
| Bhatni Junction; 2
Bohani; 22.912912; 78.91562
| Jabalpur Junction; 2
| Pandhurna; 3
|| Khutaha; 6
| Balaghat Junction; 4
| Katni Junction; 4
| Itarsi Junction; 3
Balaghat Junction; 21.811516; 80.19978
| Pandhurna; 4
| Jabalpur Junction; 3
| Katni Junction; 6
Katni Junction; 23.834763; 80.400696
| Jabalpur Junction; 2
|| Khutaha; 3
Pandhurna; 21.589827; 78.5258
| Khandwa Junction; 5
| Itarsi Junction; 3
Aligarh Junction; 27.888807; 78.07474
|| Shikohabad; 2
| Farrukhabad Junction; 4
|| Agra Fort; 2
| Chak Kali Lait; 3
|| Boraki; 2
Farrukhabad Junction; 27.382498; 79.57161
| Chak Kali Lait; 4
| Shikohabad; 2
Virangana Lakshmibai Jhansi Junction Railway Station; 25.44395; 78.553444
|| Morena; 3
| Khandwa Junction; 6
|| Itarsi Junction; 6
| Ratona; 4
Morena; 26.50132; 78.00286
|| Agra Fort; 2
| Shikohabad; 2
Shahganj Junction; 26.061354; 82.679924
|| Bhatni Junction; 3
| Prayagraj Junction; 2
| Gonda Junction; 3
Shikohabad; 27.086294; 78.57542
| Agra Fort; 1
Shankarpur Bhadaura; 24.103846; 81.86929
| Duddhinagar; 3
Lucknow Charbagh; 26.831158; 80.92436
|| Shahjahanpur; 3
| Prayagraj Junction; 4
| Gonda Junction; 2
|| Kanpur; 2
Bhatni Junction; 26.38156; 83.93335
| Bakulha; 2
Pilibhit Junction; 28.615705; 79.81243
|| Shahjahanpur; 2
Rasulabad; 25.826672; 80.97692
| Kanpur; 2
|| Prayagraj Junction; 2
Gonda Junction; 27.154568; 81.97739
| Shahjahanpur; 6
Ratona; 23.835144; 78.68482
| Itarsi Junction; 4
Agra Fort; 27.183002; 78.018715
Chak Kali Lait; 28.874271; 78.61177
| Muzaffarnagar; 2
| Boraki; 2
| Meerut City Junction; 2
|| Shahjahanpur; 4
Meerut City Junction; 28.978966; 77.6757
| Muzaffarnagar; 1
| Boraki; 1
Shahjahanpur; 27.893404; 79.9049
| Kanpur; 4
Khutaha; 24.807486; 80.860916
| Itarsi Junction; 6
|| Prayagraj Junction; 3
Muzaffarnagar; 29.470013; 77.70818
Itarsi Junction; 22.608562; 77.76707
| Khandwa Junction; 4
Bakulha; 25.797638; 84.54231
| Duddhinagar; 6
Boraki; 28.507608; 77.56374
Khandwa Junction; 21.823755; 76.35337
Prayagraj Junction; 25.445433; 81.82596
| Kanpur; 4
Jabalpur Junction; 23.165493; 79.95071
Kanpur; 26.453861; 80.35124
Duddhinagar; 24.208616; 83.21661
