map-center: 23.268093 85.689545
map-zoom: 4

Ahmadpur Junction; 23.832676; 87.6928
| Andal Junction; 2
| Saktigarh; 2
| Malda Town; 5
| Bhagalpur Junction; 4
Singapur Road Junction; 19.25747; 83.40293
|| Titlagarh Junction; 3
|| Padua; 3
Boinda; 20.920036; 84.74821
| Jakhapura Junction; 3
| Jharsuguda Junction; 3
|| Dungripali; 3
| Khurda Road Junction; 3
Banstola; 22.421534; 87.062675
| Howrah Junction; 3
| Dhanbad Junction; 4
|| Saktigarh; 3
| Tatanagar; 2
| Panpana; 3
Jhinkpani; 22.420732; 85.7712
|| Tatanagar; 1
|| Jakhapura Junction; 4
| Jharsuguda Junction; 6
Gede; 23.491; 88.786934
|| Howrah Junction; 3
Forbesganj Junction; 26.298874; 87.262184
|| Katihar Junction; 2
Tori Junction; 23.681244; 84.74009
|| Tolra; 3
| Koderma Junction; 3
|| Ranchi; 2
Howrah Junction; 22.58287; 88.34281
| Panpana; 6
| Saktigarh; 2
Malda Town; 25.015965; 88.13058
| Saktigarh; 6
| Bhagalpur Junction; 3
| Chattar Hat; 4
| Katihar Junction; 2
Panpana; 21.361763; 86.79327
|| Jakhapura Junction; 2
| Tatanagar; 4
Koderma Junction; 24.435188; 85.52795
|| Gaya Junction; 2
|| Barauni Junction; 3
| Dhanbad Junction; 3
|| Ranchi; 3
Narkatyaganj; 27.10501; 84.462975
| Bhisa Halt; 3
| Chattar Hat; 6
Bhagalpur Junction; 25.241364; 86.9728
| Dhanbad Junction; 4
| Andal Junction; 6
|| Barauni Junction; 3
Barauni Junction; 25.46296; 85.98791
| Siwan Junction; 6
| Gaya Junction; 3
| Patna Junction railway station; 2
|| Katihar Junction; 4
|| Dhanbad Junction; 6
|| Bhisa Halt; 3
Jakhapura Junction; 20.916279; 86.06471
|| Khurda Road Junction; 2
Brahmapur; 19.296753; 84.7974
|| Khurda Road Junction; 3
Padua; 18.398138; 82.68876
Khurda Road Junction; 20.154058; 85.70865
Ranchi; 23.34932; 85.33557
|| Dhanbad Junction; 3
|| Tatanagar; 3
|| Jharsuguda Junction; 5
Nawapara Road; 20.809725; 82.56256
|| Titlagarh Junction; 2
Patna Junction railway station; 25.60321; 85.13769
| Siwan Junction; 3
|| Gaya Junction; 2
Bhabua Road; 25.172543; 83.61982
| Tolra; 3
| Gaya Junction; 4
Dungripali; 21.06084; 83.559074
|| Jharsuguda Junction; 3
|| Titlagarh Junction; 2
Bhisa Halt; 26.576206; 85.53467
| Chattar Hat; 6
| Siwan Junction; 3
| Katihar Junction; 6
Andal Junction; 23.579054; 87.181496
|| Dhanbad Junction; 2
| Saktigarh; 2
Siwan Junction; 26.210623; 84.3592
Gaya Junction; 24.803518; 84.99943
| Tolra; 3
Saktigarh; 23.207033; 87.96888
Titlagarh Junction; 20.285301; 83.15357
Tatanagar; 22.76828; 86.20112
|| Dhanbad Junction; 3
Katihar Junction; 25.547974; 87.56523
| Chattar Hat; 3
Jharsuguda Junction; 21.863207; 84.0189
Dhanbad Junction; 23.791302; 86.42948
Chattar Hat; 26.549078; 88.32378
Tolra; 24.180252; 83.92836
