map-center: 27.583038 74.99151
map-zoom: 4

Bhesana; 25.823887; 73.71718
|| Banas; 4
|| Ajmer Junction; 3
Gajsinghpur; 29.65799; 73.43751
| Bhukarka; 4
| Bathinda Junction; 4
| Jagdevwala; 4
Mukerian; 31.94205; 75.61219
|| Bajalta; 3
| Ludhiana Junction; 3
| Ambala Cantonment Junction; 6
|| Bathinda Junction; 5
Badwasi; 27.310875; 73.66285
|| Jagdevwala; 3
|| Phulera Junction; 5
|| Jethantri; 5
| Bap; 4
| Churu Junction; 5
sikar railway station; 27.616907; 75.15282
|| Churu Junction; 2
| Rohtak Junction; 5
|| Phulera Junction; 2
| Dabla; 2
Sareri; 25.6979; 74.62427
|| Chanderiya Junction; 2
|| Ajmer Junction; 2
Bap; 27.378786; 72.38547
| Jagdevwala; 4
Churu Junction; 28.288864; 74.9664
|| Bhukarka; 3
| Jind Junction; 5
| Rohtak Junction; 5
| Jagdevwala; 4
Bajalta; 32.762054; 74.952126
Chanderiya Junction; 24.938143; 74.629
| Bhawani Mandi; 4
|| Bechhiwara; 5
|| Kota Junction; 4
| Sawai Madhopur 'D' cabin; 6
Banas; 24.713823; 72.98951
Jagdevwala; 28.326189; 73.477104
|| Bhukarka; 4
Govindgarh Khokhar; 29.99205; 75.80868
| Ludhiana Junction; 3
| Ambala Cantonment Junction; 3
| Bathinda Junction; 2
Alwar Junction; 27.56049; 76.62135
| New Delhi; 4
|| Bandikui Junction; 2
|| Rohtak Junction; 4
Bathinda Junction; 30.212757; 74.93308
| Jind Junction; 5
|| Bhukarka; 3
| Ludhiana Junction; 3
Salpura; 24.770334; 76.734245
|| Kota Junction; 3
Ludhiana Junction; 30.912252; 75.84937
| Ambala Cantonment Junction; 3
Phulera Junction; 26.873991; 75.245895
| Dabla; 4
|| Jethantri; 6
|| Jaipur Junction; 1
|| Ajmer Junction; 2
Bhawani Mandi; 24.419287; 75.830284
| Kota Junction; 2
Bechhiwara; 23.787872; 73.53519
Rohtak Junction; 28.890919; 76.57963
| Jind Junction; 2
|| Panipat Junction; 2
| New Delhi; 2
Panipat Junction; 29.39033; 76.96409
|| Ambala Cantonment Junction; 3
| Jind Junction; 2
| New Delhi; 2
Bandikui Junction; 27.040026; 76.56672
|| Jaipur Junction; 2
|| Bharatpur Junction; 3
Ambala Cantonment Junction; 30.338243; 76.8287
| Jind Junction; 3
Jind Junction; 29.32961; 76.2895
| Bhukarka; 4
Bharatpur Junction; 27.236486; 77.48759
|| Sawai Madhopur 'D' cabin; 5
Ajmer Junction; 26.456335; 74.637344
| Jaipur Junction; 3
Jethantri; 25.821632; 72.483185
|| Utarlai; 3
Utarlai; 25.813946; 71.46884
|| Zero Point Khokhrapar; 3
Bhukarka; 29.237528; 74.75106
Zero Point Khokhrapar; 25.732075; 70.25711
New Delhi; 28.641926; 77.22175
Dabla; 27.888706; 75.94618
Jaipur Junction; 26.92079; 75.78665
Kota Junction; 25.223982; 75.88085
| Sawai Madhopur 'D' cabin; 3
Sawai Madhopur 'D' cabin; 26.040312; 76.38065
