map-center: 14.283394 78.0908
map-zoom: 4

Hamsavaram; 17.316221; 82.489655
|| Kadiyam; 2
|| Naupada Junction; 5
Miryalaguda; 16.860102; 79.53399
| Vijayawada Junction; 2
|| Surareddipalem; 3
| Nandyal; 4
| Secunderabad Junction; 2
|| Kazipet Junction; 2
Vriddhachalam Junction; 11.533336; 79.31652
| Manaparai; 3
| Salem Junction; 3
Kudachi; 16.62429; 74.85841
|| Sisvinhalli; 3
Jagannath Temple Gate; 11.738577; 75.50818
|| Mangaluru Junction; 3
|| Vallathol Nagar; 3
Wadi Junction; 17.051695; 76.99126
| Guntakal Junction; 4
| Secunderabad Junction; 3
| Nizamabad Junction; 4
Kadiyam; 16.913805; 81.83182
|| Vijayawada Junction; 3
Krantivira Sangolli Rayanna (Bengaluru); 12.978174; 77.56956
|| Penukonda Junction; 2
|| Tolahunse; 5
|| Hassan Junction; 3
|| Mysore Junction; 2
|| Gudiyattam; 3
|| Salem Junction; 3
Nizamabad Junction; 18.678787; 78.103516
| Secunderabad Junction; 3
| Kazipet Junction; 3
| Mandamari; 3
Penukonda Junction; 14.100066; 77.59458
| Gudur Junction; 5
|| Guntakal Junction; 2
| Tolahunse; 3
|| Nandyal; 3
| Gudiyattam; 4
Vijayawada Junction; 16.51797; 80.619576
|| Surareddipalem; 3
| Mandamari; 6
| Kazipet Junction; 4
Guntakal Junction; 15.173713; 77.369865
| Tolahunse; 3
|| Arepalli; 3
|| Nandyal; 2
|| Sisvinhalli; 4
Nandyal; 15.469221; 78.47046
| Arepalli; 2
|| Surareddipalem; 3
| Gudur Junction; 4
Nimbal; 17.118795; 75.86034
|| Sisvinhalli; 4
Mysore Junction; 12.31574; 76.64512
Puratchi Thalaivar Dr. M. G. Ramachandran; 13.082423; 80.27596
| Gudur Junction; 2
| Gudiyattam; 3
Salem Junction; 11.670755; 78.11354
|| Vallathol Nagar; 4
|| Manaparai; 2
|| Gudiyattam; 3
Paramakkudi; 9.539462; 78.59108
|| Manaparai; 2
| Vallathol Nagar; 6
|| Vanchi Maniyachchi Junction; 2
Vallathol Nagar; 10.731727; 76.281494
| Nagercoil Junction; 6
| Vanchi Maniyachchi Junction; 5
| Manaparai; 6
| Kollam Junction; 4
Gudur Junction; 14.148668; 79.84565
|| Gudiyattam; 3
|| Surareddipalem; 3
Tolahunse; 14.399643; 75.96452
|| Sisvinhalli; 3
Arepalli; 16.266523; 77.85921
|| Secunderabad Junction; 3
Karwar; 14.820248; 74.182594
|| Mangaluru Junction; 4
Mangaluru Junction; 12.866628; 74.879234
|| Hassan Junction; 3
Hassan Junction; 13.003387; 76.117386
| Sisvinhalli; 6
Kazipet Junction; 17.974827; 79.51127
| Mandamari; 2
| Secunderabad Junction; 2
Vanchi Maniyachchi Junction; 8.881039; 77.89138
| Nagercoil Junction; 2
Manaparai; 10.607339; 78.41811
Surareddipalem; 15.408138; 80.04602
Mandamari; 18.970182; 79.46982
Gudiyattam; 12.937296; 78.914345
Sisvinhalli; 15.429886; 75.3196
Kollam Junction; 8.886219; 76.59548
| Nagercoil Junction; 2
Nagercoil Junction; 8.174535; 77.44388
Secunderabad Junction; 17.433859; 78.50205
Naupada Junction; 18.578915; 84.28316
